// Jest Snapshot v1, https://goo.gl/fbAQLP

exports[`Four0Four should render correctly 1`] = `
<div
  className="row"
>
  <div
    className="col-xs-offset-0 col-sm-offset-2 col-xs-12 col-sm-8"
  >
    <h3>
      Page Not Found
    </h3>
  </div>
</div>
`;
